[ngetemplates.com/mshop/mshop/index.html]
[backblue.gif]
[fade.gif]
[index.html]
[ngetemplates.com/mshop/mshop/css/materialize.css]
[ngetemplates.com/mshop/mshop/font-awesome/css/font-awesome.min.css]
[ngetemplates.com/mshop/mshop/css/normalize.css]
[ngetemplates.com/mshop/mshop/css/style.css]
[ngetemplates.com/mshop/mshop/img/favicon.png]
[ngetemplates.com/mshop/mshop/index-2.html]
[ngetemplates.com/mshop/mshop/single-product.html]
[ngetemplates.com/mshop/mshop/cart.html]
[ngetemplates.com/mshop/mshop/checkout.html]
[ngetemplates.com/mshop/mshop/blog.html]
[ngetemplates.com/mshop/mshop/single-blog.html]
[ngetemplates.com/mshop/mshop/about-us.html]
[ngetemplates.com/mshop/mshop/contact.html]
[ngetemplates.com/mshop/mshop/login.html]
[ngetemplates.com/mshop/mshop/register.html]
[ngetemplates.com/mshop/mshop/img/cart1.png]
[ngetemplates.com/mshop/mshop/img/cart2.png]
[ngetemplates.com/mshop/mshop/img/slide1.jpg]
[ngetemplates.com/mshop/mshop/img/slide2.jpg]
[ngetemplates.com/mshop/mshop/img/slide3.jpg]
[ngetemplates.com/mshop/mshop/img/shop-promo1.png]
[ngetemplates.com/mshop/mshop/img/shop-promo3.png]
[ngetemplates.com/mshop/mshop/img/shop-promo2.png]
[ngetemplates.com/mshop/mshop/img/tshirt_shop_2.png]
[ngetemplates.com/mshop/mshop/img/jackets_shop_1.png]
[ngetemplates.com/mshop/mshop/img/jeans_shop_1.png]
[ngetemplates.com/mshop/mshop/img/tshirt_shop_1.png]
[ngetemplates.com/mshop/mshop/img/jackets_shop_2.png]
[ngetemplates.com/mshop/mshop/img/jeans_shop_3.png]
[ngetemplates.com/mshop/mshop/img/tshirt_shop_3.png]
[ngetemplates.com/mshop/mshop/img/jeans_shop_2.png]
[ngetemplates.com/mshop/mshop/img/jackets_shop_3.png]
[ngetemplates.com/mshop/mshop/img/jackets_shop_4.png]
[ngetemplates.com/mshop/mshop/img/tshirt_shop_4.png]
[ngetemplates.com/mshop/mshop/img/jeans_shop_4.png]
[ngetemplates.com/mshop/mshop/img/paypal.png]
[ngetemplates.com/mshop/mshop/img/mastercard.png]
[ngetemplates.com/mshop/mshop/img/americanexpress.png]
[ngetemplates.com/mshop/mshop/img/visaelectron.png]
[ngetemplates.com/mshop/mshop/js/jquery-3.1.0.min.js]
[ngetemplates.com/mshop/mshop/js/materialize.min.js]
[ngetemplates.com/mshop/mshop/js/main.js]
[ngetemplates.com/mshop/mshop/index.html]
[ngetemplates.com/mshop/mshop/css/materialize.css]
[ngetemplates.com/mshop/mshop/font-awesome/fonts/fontawesome-webfont5b62.eot]
[ngetemplates.com/mshop/mshop/font-awesome/fonts/fontawesome-webfontd41d.eot]
[ngetemplates.com/mshop/mshop/font-awesome/fonts/fontawesome-webfont5b62.woff2]
[ngetemplates.com/mshop/mshop/font-awesome/fonts/fontawesome-webfont5b62.woff]
[ngetemplates.com/mshop/mshop/font-awesome/fonts/fontawesome-webfont5b62.ttf]
[ngetemplates.com/mshop/mshop/font-awesome/css/font-awesome.min.css]
[ngetemplates.com/mshop/mshop/css/normalize.css]
[ngetemplates.com/mshop/mshop/css/style.css]
[ngetemplates.com/mshop/mshop/index-2.html]
[ngetemplates.com/mshop/mshop/img/jackets-single-product.png]
[ngetemplates.com/mshop/mshop/font-awesome/fonts/fontawesome-webfont5b62.svg]
[ngetemplates.com/mshop/mshop/img/related-product1.png]
[ngetemplates.com/mshop/mshop/img/related-product2.png]
[ngetemplates.com/mshop/mshop/img/related-product3.png]
[ngetemplates.com/mshop/mshop/img/related-product4.png]
[ngetemplates.com/mshop/mshop/single-product.html]
[ngetemplates.com/mshop/mshop/img/jackets_shop_cart.png]
[ngetemplates.com/mshop/mshop/cart.html]
[ngetemplates.com/mshop/mshop/img/shopping_shop.png]
[ngetemplates.com/mshop/mshop/checkout.html]
[ngetemplates.com/mshop/mshop/img/blog1.png]
[ngetemplates.com/mshop/mshop/img/blog2.png]
[ngetemplates.com/mshop/mshop/blog.html]
[ngetemplates.com/mshop/mshop/img/blog3.png]
[ngetemplates.com/mshop/mshop/img/user-comment.jpg]
[ngetemplates.com/mshop/mshop/single-blog.html]
[ngetemplates.com/mshop/mshop/img/about.jpg]
[ngetemplates.com/mshop/mshop/about-us.html]
[ngetemplates.com/mshop/mshop/js/contact-form.js]
[ngetemplates.com/mshop/mshop/contact.html]
[ngetemplates.com/mshop/mshop/login.html]
[ngetemplates.com/mshop/mshop/register.html]
[ngetemplates.com/mshop/mshop/fonts/roboto/Roboto-Thin.html]
[ngetemplates.com/mshop/mshop/fonts/roboto/Roboto-Thind41d.html]
[ngetemplates.com/mshop/mshop/fonts/roboto/Roboto-Thin-2.html]
[ngetemplates.com/mshop/mshop/fonts/roboto/Roboto-Thin-3.html]
[ngetemplates.com/mshop/mshop/fonts/roboto/Roboto-Thin-4.html]
[ngetemplates.com/mshop/mshop/fonts/roboto/Roboto-Light.html]
[ngetemplates.com/mshop/mshop/fonts/roboto/Roboto-Lightd41d.html]
[ngetemplates.com/mshop/mshop/fonts/roboto/Roboto-Light-2.html]
[ngetemplates.com/mshop/mshop/fonts/roboto/Roboto-Light-3.html]
[ngetemplates.com/mshop/mshop/fonts/roboto/Roboto-Light-4.html]
[ngetemplates.com/mshop/mshop/fonts/roboto/Roboto-Regular.html]
[ngetemplates.com/mshop/mshop/fonts/roboto/Roboto-Regulard41d.html]
[ngetemplates.com/mshop/mshop/fonts/roboto/Roboto-Regular-2.html]
[ngetemplates.com/mshop/mshop/fonts/roboto/Roboto-Regular-3.html]
[ngetemplates.com/mshop/mshop/fonts/roboto/Roboto-Regular-4.html]
[ngetemplates.com/mshop/mshop/fonts/roboto/Roboto-Medium.html]
[ngetemplates.com/mshop/mshop/fonts/roboto/Roboto-Mediumd41d.html]
[ngetemplates.com/mshop/mshop/fonts/roboto/Roboto-Medium-2.html]
[ngetemplates.com/mshop/mshop/fonts/roboto/Roboto-Medium-3.html]
[ngetemplates.com/mshop/mshop/fonts/roboto/Roboto-Medium-4.html]
[ngetemplates.com/mshop/mshop/fonts/roboto/Roboto-Bold.html]
[ngetemplates.com/mshop/mshop/fonts/roboto/Roboto-Boldd41d.html]
[ngetemplates.com/mshop/mshop/fonts/roboto/Roboto-Bold-2.html]
[ngetemplates.com/mshop/mshop/fonts/roboto/Roboto-Bold-3.html]
[ngetemplates.com/mshop/mshop/fonts/roboto/Roboto-Bold-4.html]
[ngetemplates.com/mshop/mshop/font-awesome/fonts/fontawesome-webfont5b62.svg]
